
> mario-js@1.0.0 build
> vite build

[33mThe CJS build of Vite's Node API is deprecated. See https://vite.dev/guide/troubleshooting.html#vite-cjs-node-api-deprecated for more details.[39m
vite v5.4.21 building for production...
transforming...
✓ 23 modules transformed.
rendering chunks...
computing gzip size...
dist/index.html                             0.76 kB │ gzip:   0.43 kB
dist/assets/sprite_goomba-C4CKeVdI.png     21.47 kB
dist/assets/sprite_mario-BhasNmcu.png      55.20 kB
dist/assets/mario_game-IQIjZFpP.jpg       382.64 kB
dist/assets/index-CuX72f3V.js           1,523.59 kB │ gzip: 333.94 kB

(!) Some chunks are larger than 500 kB after minification. Consider:
- Using dynamic import() to code-split the application
- Use build.rollupOptions.output.manualChunks to improve chunking: https://rollupjs.org/configuration-options/#output-manualchunks
- Adjust chunk size limit for this warning via build.chunkSizeWarningLimit.
✓ built in 12.92s
